
> monorepo-audit-optimization@0.1.0 test /root/neonpro
> bun test --config .config/testing/vitest.config.ts

bun test v1.2.21 (7c45ed97)
The following filters did not match any test files:
 .config/testing/vitest.config.ts
1601 files were searched [112.00ms]

note: Tests need ".test", "_test_", ".spec" or "_spec_" in the filename (ex: "MyApp.test.ts")
note: To treat the ".config/testing/vitest.config.ts" filter as a path, run "bun test ./.config/testing/vitest.config.ts"

Learn more about bun test: https://bun.com/docs/cli/test
 ELIFECYCLE  Test failed. See above for more details.
